# CMD: bash -c $'\nset -e\nDEST=.backups/knowledge-bitacora/20260802-2051\nmkdir -p "$DEST"\ncp -a _knowledge/_bitacora/*.sh "$DEST/"\ncp -a _knowledge/_bitacora/README.md "$DEST/"\necho "backup → $DEST"\nls -la "$DEST"' 
# ENV: bun=1.3.14 node=v25.2.1 python3=Python 3.14.6 ruby=ruby 3.4.10 (2026-06-30 revision 2b0b7728dc) +PRISM [x86_64-linux] rustc=rustc 1.97.1 (8bab26f4f 2026-07-14) (Arch Linux rust 1:1.97.1-1.1) go=go version go1.26.5-X:nodwarf5 linux/amd64
# TOOLS: git=git version 2.55.0 sha256sum=sha256sum (GNU coreutils) 9.11 date=date (GNU coreutils) 9.11 wc=wc (GNU coreutils) 9.11 cat=cat (GNU coreutils) 9.11 tee=tee (GNU coreutils) 9.11 mktemp=mktemp (GNU coreutils) 9.11 rm=rm (GNU coreutils) 9.11 timeout=timeout (GNU coreutils) 9.11 tr=tr (GNU coreutils) 9.11 head=head (GNU coreutils) 9.11 cut=cut (GNU coreutils) 9.11
# DATE: 2026-08-02T20:51:20-06:00
# PID: 452653
# DUR: 78ms
# exit: 0
# GIT: assembler@d622f4f
# BRANCH: main
# SESSION: bdcc3791
# CLI: bash 5.3.15(1)-release
# ARGS: -c $'\nset -e\nDEST=.backups/knowledge-bitacora/20260802-2051\nmkdir -p "$DEST"\ncp -a _knowledge/_bitacora/*.sh "$DEST/"\ncp -a _knowledge/_bitacora/README.md "$DEST/"\necho "backup → $DEST"\nls -la "$DEST"' 
# CWD: /home/eddyr/assembler
# --------------------
backup → .backups/knowledge-bitacora/20260802-2051
total 32
drwxr-xr-x 1 eddyr eddyr  220 Aug  2 20:51 .
drwxr-xr-x 1 eddyr eddyr   26 Aug  2 20:51 ..
-rwxr-xr-x 1 eddyr eddyr 1190 Aug  2 20:44 bitacora-close.sh
-rwxr-xr-x 1 eddyr eddyr 1370 Aug  2 20:44 bitacora-create.sh
-rwxr-xr-x 1 eddyr eddyr 1029 Aug  2 20:45 bitacora-find.sh
-rwxr-xr-x 1 eddyr eddyr 1287 Aug  2 20:43 bitacora-init.sh
-rwxr-xr-x 1 eddyr eddyr 4893 Aug  2 20:50 bitacora-log.sh
-rwxr-xr-x 1 eddyr eddyr  448 Aug  2 20:45 bitacora-slugify.sh
-rw-r--r-- 1 eddyr eddyr 1001 Aug  2 20:45 README.md
# OUT_LINES: 11
# OUT_BYTES: 571
# ERR_LINES: 0
# SHA: 0528f721eb802c0182fdee30a2625a3eb8f1c47007474f398445cc13c1645a7c
