# CMD: bash ../../_bitacora/bitacora-close.sh 2026-08-03--tracexec-fidelity-fix.md tracexec-fidelity-fix 
# DATE: 2026-08-03T13:36:05-06:00
# DUR: 112ms
# CWD: /home/eddyr/assembler/_knowledge/rust-docs/script
# --------------------
349330<tracer>: "/usr/bin/bash" ["bash", "../../_bitacora/bitacora-close.sh", "2026-08-03--tracexec-fidelity-fix.md", "tracexec-fidelity-fix"] fd []
349332<bash>: "/usr/bin/dirname" ["dirname", "../../_bitacora/bitacora-close.sh"] fd [stdout="pipe:[1303983]", ]
349333<bash>: "/usr/bin/date" ["date", "+%Y-%m-%d"] fd [stdout="pipe:[1307853]", ]
349334<bash>: "/usr/bin/sed" ["sed", "-i", "s/^- \\[ \\]/- [x]/", "/home/eddyr/assembler/_knowledge/_bitacora/task-todo/2026-08-03--tracexec-fidelity-fix.md"] fd []
349335<bash>: "/usr/bin/rg" ["rg", "-q", "^Status:", "/home/eddyr/assembler/_knowledge/_bitacora/task-todo/2026-08-03--tracexec-fidelity-fix.md"] fd []
349336<bash>: "/usr/bin/sed" ["sed", "-i", "s/^Status:.*/Status: completed (2026-08-03)/", "/home/eddyr/assembler/_knowledge/_bitacora/task-todo/2026-08-03--tracexec-fidelity-fix.md"] fd []
349339<bash>: "/usr/bin/sed" ["sed", "s/^CREATE //"] fd [stdin="pipe:[1301080]", stdout="pipe:[1306938]", ]
349338<bash>: "/usr/bin/bash" ["bash", "/home/eddyr/assembler/_knowledge/_bitacora/bitacora-create.sh", "report", "tracexec-fidelity-fix"] fd [stdout="pipe:[1301080]", ]
349342<bash>: "/usr/bin/dirname" ["dirname", "/home/eddyr/assembler/_knowledge/_bitacora/bitacora-create.sh"] fd [stdout="pipe:[1309813]", ]
349343<bash>: "/usr/bin/bash" ["bash", "/home/eddyr/assembler/_knowledge/_bitacora/bitacora-slugify.sh", "tracexec-fidelity-fix"] fd [stdout="pipe:[1296225]", ]
349345<bash>: "/usr/bin/tr" ["tr", "[:upper:]", "[:lower:]"] fd [stdin="pipe:[1306458]", stdout="pipe:[1309826]", ]
349346<bash>: "/usr/bin/tr" ["tr", "-c", "[:alnum:]", "-"] fd [stdin="pipe:[1309826]", stdout="pipe:[1306941]", ]
349347<bash>: "/usr/bin/sed" ["sed", "-E", "s/-+/-/g; s/^-+//; s/-+$//"] fd [stdin="pipe:[1306941]", stdout="pipe:[1296225]", ]
349348<bash>: "/usr/bin/date" ["date", "+%Y%m%d-%H%M%S"] fd [stdout="pipe:[1303984]", ]
349349<bash>: "/usr/bin/date" ["date", "+%Y-%m-%d"] fd [stdout="pipe:[1303997]", ]
349350<bash>: "/usr/bin/cat" ["cat"] fd [stdin="pipe:[1308832]", stdout="/home/eddyr/assembler/_knowledge/_bitacora/task-report/20260803-133605-tracexec-fidelity-fix.md", ]
TODO   /home/eddyr/assembler/_knowledge/_bitacora/task-todo/2026-08-03--tracexec-fidelity-fix.md
REPORT /home/eddyr/assembler/_knowledge/_bitacora/task-report/20260803-133605-tracexec-fidelity-fix.md
NEXT   fill the report: what was done, decisions, open edges, todo state; cite task-stdout logs
# exit: 0
