# CMD: echo nested\ works 
# ENV: bun=1.3.14 node=v25.2.1 python3=Python 3.14.6 ruby=ruby 3.4.10 (2026-06-30 revision 2b0b7728dc) +PRISM [x86_64-linux] rustc=rustc 1.97.1 (8bab26f4f 2026-07-14) (Arch Linux rust 1:1.97.1-1.1) go=go version go1.26.5-X:nodwarf5 linux/amd64
# TOOLS: git=git version 2.55.0 sha256sum=sha256sum (GNU coreutils) 9.11 date=date (GNU coreutils) 9.11 wc=wc (GNU coreutils) 9.11 cat=cat (GNU coreutils) 9.11 tee=tee (GNU coreutils) 9.11 mktemp=mktemp (GNU coreutils) 9.11 rm=rm (GNU coreutils) 9.11 timeout=timeout (GNU coreutils) 9.11 tr=tr (GNU coreutils) 9.11 head=head (GNU coreutils) 9.11 cut=cut (GNU coreutils) 9.11
# DATE: 2026-08-02T20:52:15-06:00
# PID: 453800
# DUR: 76ms
# exit: 0
# GIT: assembler@d622f4f
# BRANCH: main
# SCOPE: s
# SESSION: 257e98a1
# TASK: t
# CLI: echo echo (GNU coreutils) 9.11
# ARGS: nested\ works 
# CWD: /home/eddyr/assembler/_knowledge/_bitacora
# --------------------
nested works
# OUT_LINES: 1
# OUT_BYTES: 13
# ERR_LINES: 0
# SHA: c15e245a86610ed39aa75415847e53f6e8f70c0361e11c013fa52188c7e75e67
