# CMD: ls _knowledge/_bitacora/task-todo/ 
# ENV: bun=1.3.14 node=v25.2.1 python3=Python 3.14.6 ruby=ruby 3.4.10 (2026-06-30 revision 2b0b7728dc) +PRISM [x86_64-linux] rustc=rustc 1.97.1 (8bab26f4f 2026-07-14) (Arch Linux rust 1:1.97.1-1.1) go=go version go1.26.5-X:nodwarf5 linux/amd64
# TOOLS: git=git version 2.55.0 sha256sum=sha256sum (GNU coreutils) 9.11 date=date (GNU coreutils) 9.11 wc=wc (GNU coreutils) 9.11 cat=cat (GNU coreutils) 9.11 tee=tee (GNU coreutils) 9.11 mktemp=mktemp (GNU coreutils) 9.11 rm=rm (GNU coreutils) 9.11 timeout=timeout (GNU coreutils) 9.11 tr=tr (GNU coreutils) 9.11 head=head (GNU coreutils) 9.11 cut=cut (GNU coreutils) 9.11
# DATE: 2026-08-02T21:41:02-06:00
# PID: 485156
# DUR: 76ms
# exit: 0
# GIT: assembler@d622f4f
# BRANCH: main
# SESSION: 2b0c5384
# CLI: ls ls (GNU coreutils) 9.11
# ARGS: _knowledge/_bitacora/task-todo/ 
# CWD: /home/eddyr/assembler
# --------------------
2026-08-02--bitacora-suite-test.md
2026-08-02--post-clean-test.md
2026-08-02--study-rust-book-into-rust-docs.md
2026-08-02--test-knowledge-bitacora.md
2026-08-03--study-rust-book-into-rust-docs.md
# OUT_LINES: 5
# OUT_BYTES: 197
# ERR_LINES: 0
# SHA: 11354db7d3741eb232d076f8b08c0028f41502dda38c295688a59c6650295120
