# CMD: bash -c $'\necho "===BACKUP CONVENTION==="; rg -n "backup" .gitignore | head -5\necho; echo "===EXISTING BACKUPS==="; ls -d .backups 2>/dev/null && ls .backups/ 2>/dev/null | head\necho; echo "===SCRIPT SIZES==="; wc -l _knowledge/_bitacora/*.sh\necho; echo "===BASH SYNTAX CHECK==="; for s in _knowledge/_bitacora/*.sh; do bash -n "$s" && echo "OK $s" || echo "FAIL $s"; done' 
# ENV: bun=1.3.14 node=v25.2.1 python3=Python 3.14.6 ruby=ruby 3.4.10 (2026-06-30 revision 2b0b7728dc) +PRISM [x86_64-linux] rustc=rustc 1.97.1 (8bab26f4f 2026-07-14) (Arch Linux rust 1:1.97.1-1.1) go=go version go1.26.5-X:nodwarf5 linux/amd64
# TOOLS: git=git version 2.55.0 sha256sum=sha256sum (GNU coreutils) 9.11 date=date (GNU coreutils) 9.11 wc=wc (GNU coreutils) 9.11 cat=cat (GNU coreutils) 9.11 tee=tee (GNU coreutils) 9.11 mktemp=mktemp (GNU coreutils) 9.11 rm=rm (GNU coreutils) 9.11 timeout=timeout (GNU coreutils) 9.11 tr=tr (GNU coreutils) 9.11 head=head (GNU coreutils) 9.11 cut=cut (GNU coreutils) 9.11
# DATE: 2026-08-02T20:51:14-06:00
# PID: 452430
# DUR: 82ms
# exit: 0
# GIT: assembler@d622f4f
# BRANCH: main
# SESSION: 1789d83e
# CLI: bash 5.3.15(1)-release
# ARGS: -c $'\necho "===BACKUP CONVENTION==="; rg -n "backup" .gitignore | head -5\necho; echo "===EXISTING BACKUPS==="; ls -d .backups 2>/dev/null && ls .backups/ 2>/dev/null | head\necho; echo "===SCRIPT SIZES==="; wc -l _knowledge/_bitacora/*.sh\necho; echo "===BASH SYNTAX CHECK==="; for s in _knowledge/_bitacora/*.sh; do bash -n "$s" && echo "OK $s" || echo "FAIL $s"; done' 
# CWD: /home/eddyr/assembler
# --------------------
===BACKUP CONVENTION===
35:# backup snapshot dirs (rule/skill pre-rewrite copies)
36:.backups/

===EXISTING BACKUPS===

===SCRIPT SIZES===
   33 _knowledge/_bitacora/bitacora-close.sh
   68 _knowledge/_bitacora/bitacora-create.sh
   26 _knowledge/_bitacora/bitacora-find.sh
   39 _knowledge/_bitacora/bitacora-init.sh
  166 _knowledge/_bitacora/bitacora-log.sh
   11 _knowledge/_bitacora/bitacora-slugify.sh
  343 total

===BASH SYNTAX CHECK===
OK _knowledge/_bitacora/bitacora-close.sh
OK _knowledge/_bitacora/bitacora-create.sh
OK _knowledge/_bitacora/bitacora-find.sh
OK _knowledge/_bitacora/bitacora-init.sh
OK _knowledge/_bitacora/bitacora-log.sh
OK _knowledge/_bitacora/bitacora-slugify.sh
# OUT_LINES: 22
# OUT_BYTES: 696
# ERR_LINES: 0
# SHA: 794151e4aa3d23b0b2e8f77018a2782450f6f64ac29f97e900da57c003b08760
