# CMD: bash -c $'\nset -e\nDEST=.backups/knowledge-scripts/20260802-2053\nmkdir -p "$DEST"\ncp -a _knowledge/_templates/*.sh "$DEST/"\ncp -a _knowledge/rust-docs/script/*.sh "$DEST/"\necho "backup → $DEST"\nls "$DEST"' 
# ENV: bun=1.3.14 node=v25.2.1 python3=Python 3.14.6 ruby=ruby 3.4.10 (2026-06-30 revision 2b0b7728dc) +PRISM [x86_64-linux] rustc=rustc 1.97.1 (8bab26f4f 2026-07-14) (Arch Linux rust 1:1.97.1-1.1) go=go version go1.26.5-X:nodwarf5 linux/amd64
# TOOLS: git=git version 2.55.0 sha256sum=sha256sum (GNU coreutils) 9.11 date=date (GNU coreutils) 9.11 wc=wc (GNU coreutils) 9.11 cat=cat (GNU coreutils) 9.11 tee=tee (GNU coreutils) 9.11 mktemp=mktemp (GNU coreutils) 9.11 rm=rm (GNU coreutils) 9.11 timeout=timeout (GNU coreutils) 9.11 tr=tr (GNU coreutils) 9.11 head=head (GNU coreutils) 9.11 cut=cut (GNU coreutils) 9.11
# DATE: 2026-08-02T20:52:54-06:00
# PID: 454753
# DUR: 83ms
# exit: 0
# GIT: assembler@d622f4f
# BRANCH: main
# SESSION: 8b783133
# CLI: bash 5.3.15(1)-release
# ARGS: -c $'\nset -e\nDEST=.backups/knowledge-scripts/20260802-2053\nmkdir -p "$DEST"\ncp -a _knowledge/_templates/*.sh "$DEST/"\ncp -a _knowledge/rust-docs/script/*.sh "$DEST/"\necho "backup → $DEST"\nls "$DEST"' 
# CWD: /home/eddyr/assembler
# --------------------
backup → .backups/knowledge-scripts/20260802-2053
atomic-script-template.sh
copy-rings.sh
copy-skills.sh
run-logged.sh
run-logged-template.sh
scaffold-knowledge.sh
# OUT_LINES: 7
# OUT_BYTES: 166
# ERR_LINES: 0
# SHA: 4a46cb23c9b452f849674856d2811398a2fbff0d4655700c194502cacfb0025c
