# CMD: bash -c rg\ -o\ \"\<h1\[\^\>\]\*\>\"\ /tmp/opencode/book-print.html\ \|\ sort\ \|\ uniq\ -c\;\ echo\ \"---h1\ count\ without\ class---\"\;\ rg\ -c\ \"\<h1\>\"\ /tmp/opencode/book-print.html\;\ echo\ \"---sample\ h1\ headings---\"\;\ rg\ -o\ \"\<h1\>\[\^\<\]+\"\ /tmp/opencode/book-print.html\ \|\ head\ -20\;\ echo\ \"---nav\ structure---\"\;\ rg\ -o\ \"\<nav\[\^\>\]\*\>\"\ /tmp/opencode/book-print.html\ \|\ head\ -3 
# DATE: 2026-08-03T04:53:02-06:00
# CWD: /home/eddyr/assembler/_knowledge/rust-docs/script
# --------------------
      1 <h1 class="menu-title">
      1 <h1 id="accepting-command-line-arguments-1">
      1 <h1 id="a-closer-look-at-the-traits-for-async-1">
      1 <h1 id="adding-functionality-with-test-driven-development-1">
      1 <h1 id="advanced-features">
      1 <h1 id="advanced-functions-and-closures-1">
      1 <h1 id="advanced-traits-1">
      1 <h1 id="advanced-types-1">
      1 <h1 id="a---keywords">
      1 <h1 id="all-the-places-patterns-can-be-used-1">
      1 <h1 id="an-example-program-using-structs-1">
      1 <h1 id="an-io-project-building-a-command-line-program">
      1 <h1 id="appendix">
      1 <h1 id="applying-concurrency-with-async-1">
      1 <h1 id="b---operators-and-symbols">
      1 <h1 id="bringing-paths-into-scope-with-the-use-keyword-1">
      1 <h1 id="building-a-single-threaded-web-server-1">
      1 <h1 id="cargo-workspaces-1">
      1 <h1 id="c---derivable-traits">
      1 <h1 id="characteristics-of-object-oriented-languages-1">
      1 <h1 id="closures-1">
      1 <h1 id="comments-1">
      1 <h1 id="common-collections">
      1 <h1 id="common-programming-concepts">
      1 <h1 id="concise-control-flow-with-if-let-and-letelse-1">
      1 <h1 id="control-flow-1">
      1 <h1 id="controlling-how-tests-are-run-1">
      1 <h1 id="control-scope-and-privacy-with-modules-1">
      1 <h1 id="customizing-builds-with-release-profiles-1">
      1 <h1 id="data-types-1">
      1 <h1 id="defining-and-instantiating-structs-1">
      1 <h1 id="defining-an-enum-1">
      1 <h1 id="defining-shared-behavior-with-traits-1">
      1 <h1 id="d---useful-development-tools">
      1 <h1 id="e---editions">
      1 <h1 id="enums-and-pattern-matching">
      1 <h1 id="error-handling">
      1 <h1 id="extending-cargo-with-custom-commands-1">
      1 <h1 id="extensible-concurrency-with-send-and-sync-1">
      1 <h1 id="fearless-concurrency">
      1 <h1 id="final-project-building-a-multithreaded-web-server">
      1 <h1 id="foreword">
      1 <h1 id="from-single-threaded-to-multithreaded-server-1">
      1 <h1 id="f---translations-of-the-book">
      1 <h1 id="functional-language-features-iterators-and-closures">
      1 <h1 id="functions-1">
      1 <h1 id="fundamentals-of-asynchronous-programming-async-await-futures-and-streams">
      1 <h1 id="futures-and-the-async-syntax-1">
      1 <h1 id="futures-tasks-and-threads">
      1 <h1 id="generic-data-types-1">
      1 <h1 id="generic-types-traits-and-lifetimes">
      1 <h1 id="getting-started">
      1 <h1 id="g---how-rust-is-made-and-nightly-rust">
      1 <h1 id="graceful-shutdown-and-cleanup-1">
      1 <h1 id="hello-cargo-1">
      1 <h1 id="hello-world-1">
      1 <h1 id="how-to-write-tests-1">
      1 <h1 id="implementing-an-object-oriented-design-pattern-1">
      1 <h1 id="improving-our-io-project-1">
      1 <h1 id="installation-1">
      1 <h1 id="installing-binaries-with-cargo-install-1">
      1 <h1 id="introduction">
      1 <h1 id="macros-1">
      1 <h1 id="methods-1">
      1 <h1 id="more-about-cargo-and-cratesio">
      1 <h1 id="object-oriented-programming-features">
      1 <h1 id="packages-and-crates-1">
      1 <h1 id="packages-crates-and-modules">
      1 <h1 id="paths-for-referring-to-an-item-in-the-module-tree-1">
      1 <h1 id="patterns-and-matching">
      1 <h1 id="pattern-syntax-1">
      1 <h1 id="performance-in-loops-vs-iterators-1">
      1 <h1 id="processing-a-series-of-items-with-iterators-1">
      1 <h1 id="programming-a-guessing-game">
      1 <h1 id="publishing-a-crate-to-cratesio-1">
      1 <h1 id="rct-the-reference-counted-smart-pointer-1">
      1 <h1 id="reading-a-file-1">
      1 <h1 id="recoverable-errors-with-result-1">
      1 <h1 id="redirecting-errors-to-standard-error-1">
      1 <h1 id="refactoring-to-improve-modularity-and-error-handling-1">
      1 <h1 id="refcellt-and-the-interior-mutability-pattern-1">
      1 <h1 id="reference-cycles-can-leak-memory-1">
      1 <h1 id="references-and-borrowing-1">
      1 <h1 id="refutability-whether-a-pattern-might-fail-to-match-1">
      1 <h1 id="running-code-on-cleanup-with-the-drop-trait-1">
      1 <h1 id="separating-modules-into-different-files-1">
      1 <h1 id="shared-state-concurrency-1">
      1 <h1 id="smart-pointers">
      1 <h1 id="storing-keys-with-associated-values-in-hash-maps-1">
      1 <h1 id="storing-lists-of-values-with-vectors-1">
      1 <h1 id="storing-utf-8-encoded-text-with-strings-1">
      1 <h1 id="streams-futures-in-sequence-1">
      1 <h1 id="test-organization-1">
      1 <h1 id="the-match-control-flow-construct-1">
      1 <h1 id="the-rust-programming-language">
      1 <h1 id="the-slice-type-1">
      1 <h1 id="to-panic-or-not-to-panic-1">
      1 <h1 id="transfer-data-between-threads-with-message-passing-1">
      1 <h1 id="treating-smart-pointers-like-regular-references-1">
      1 <h1 id="understanding-ownership">
      1 <h1 id="unrecoverable-errors-with-panic-1">
      1 <h1 id="unsafe-rust-1">
      1 <h1 id="using-boxt-to-point-to-data-on-the-heap-1">
      1 <h1 id="using-structs-to-structure-related-data">
      1 <h1 id="using-threads-to-run-code-simultaneously-1">
      1 <h1 id="using-trait-objects-to-abstract-over-shared-behavior-1">
      1 <h1 id="validating-references-with-lifetimes-1">
      1 <h1 id="variables-and-mutability-1">
      1 <h1 id="what-is-ownership-1">
      1 <h1 id="working-with-any-number-of-futures">
      1 <h1 id="working-with-environment-variables-1">
      1 <h1 id="writing-automated-tests">
---h1 count without class---
---sample h1 headings---
---nav structure---
<nav id="mdbook-sidebar" class="sidebar" aria-label="Table of contents">
<nav class="nav-wrapper" aria-label="Page navigation">
<nav class="nav-wide-wrapper" aria-label="Page navigation">
# exit: 0
